F                                                                        [100%]
=================================== FAILURES ===================================
____________ test_report_binding_rejects_wrong_milestone_or_record _____________

tmp_path = PosixPath('/tmp/pytest-of-root/pytest-24/test_report_binding_rejects_wr0')

    def test_report_binding_rejects_wrong_milestone_or_record(tmp_path):
        spec = importlib.util.spec_from_file_location(
            'audit_report', Path('scripts/pld/report_pi0_audit.py'))
        report = importlib.util.module_from_spec(spec)
        spec.loader.exec_module(report)
        checkpoint = tmp_path / 'sft/checkpoints/pi0_libero_seen_lora32/EXP-001/500'
        record = dict(optimizer_updates=500, upstream_loop_index=499,
                      checkpoint_directory=str(checkpoint), normalization_sha256='frozen')
        (tmp_path / 'sft').mkdir()
        (tmp_path / 'sft/update_0.json').write_text(json.dumps(dict(
            optimizer_updates=0, upstream_loop_index=None,
            checkpoint_directory=str(checkpoint.with_name('0')), normalization_sha256='frozen')))
        record_path = tmp_path / 'sft/update_500.json'
        record_path.write_text(json.dumps(record))
        binding = dict(model='500', checkpoint=str(checkpoint), normalization_sha256='frozen',
                       seed_block=list(range(9000, 9050)), action_horizon=50, action_dim=32)
        report.validate_model_identity(tmp_path, '500', binding)
        for change in [dict(model='1000'), dict(checkpoint=str(checkpoint.with_name('1000'))),
                       dict(seed_block=list(range(8000, 8050))), dict(action_horizon=10)]:
            with pytest.raises(ValueError):
                report.validate_model_identity(tmp_path, '500', dict(binding, **change))
        for change in [dict(optimizer_updates=499), dict(upstream_loop_index=500),
                       dict(checkpoint_directory=str(checkpoint.with_name('1000'))),
                       dict(normalization_sha256='other')]:
            record_path.write_text(json.dumps(dict(record, **change)))
            with pytest.raises(ValueError):
                report.validate_model_identity(tmp_path, '500', binding)
        record_path.write_text(json.dumps(record))
        archive = tmp_path / 'archived_evidence'
        shutil.copytree(tmp_path / 'sft', archive / 'sft')
        # Archived metadata keeps the original absolute run paths, without weights.
>       report.validate_model_identity(archive, '500', binding)

tests/test_pld_pi0_report.py:41: 
_ _ _ _ _ _ _ _ _ _ _ _ _ _ _ _ _ _ _ _ _ _ _ _ _ _ _ _ _ _ _ _ _ _ _ _ _ _ _ _ 

work = PosixPath('/tmp/pytest-of-root/pytest-24/test_report_binding_rejects_wr0/archived_evidence')
model = '500'
binding = {'action_dim': 32, 'action_horizon': 50, 'checkpoint': '/tmp/pytest-of-root/pytest-24/test_report_binding_rejects_wr0/sft/checkpoints/pi0_libero_seen_lora32/EXP-001/500', 'model': '500', ...}

    def validate_model_identity(work, model, binding):
        if binding['model'] != model or binding['seed_block'] != list(range(9000, 9050)):
            raise ValueError('Evaluation model label or registered seeds differ')
        horizon = 10 if model == 'positive_control' else 50
        if binding['action_horizon'] != horizon or binding['action_dim'] != 32:
            raise ValueError('Evaluation action contract differs')
        if model in ('0', 'positive_control'):
            name = 'pi0_base' if model == '0' else 'pi05_libero'
            expected = work.parent / 'audit-checkpoints' / name
        else:
            updates = 0 if model == 'lora_initialization' else int(model)
            if updates not in UPDATES:
                raise ValueError('Unregistered optimizer milestone')
            expected = work / 'sft/checkpoints/pi0_libero_seen_lora32/EXP-001' / str(updates)
            record = json.loads((work / f'sft/update_{updates}.json').read_text())
            if (record['optimizer_updates'] != updates
                    or record['upstream_loop_index'] != (updates - 1 if updates else None)
                    or Path(record['checkpoint_directory']).resolve() != expected.resolve()
                    or record['normalization_sha256'] != binding['normalization_sha256']):
>               raise ValueError('Checkpoint label disagrees with saved optimizer-update record')
E               ValueError: Checkpoint label disagrees with saved optimizer-update record

scripts/pld/report_pi0_audit.py:41: ValueError
=========================== short test summary info ============================
FAILED tests/test_pld_pi0_report.py::test_report_binding_rejects_wrong_milestone_or_record
1 failed in 0.06s
