F                                                                        [100%]
=================================== FAILURES ===================================
____________ test_report_binding_rejects_wrong_milestone_or_record _____________

tmp_path = PosixPath('/tmp/pytest-of-root/pytest-21/test_report_binding_rejects_wr0')

    def test_report_binding_rejects_wrong_milestone_or_record(tmp_path):
        spec = importlib.util.spec_from_file_location(
            'audit_report', Path('scripts/pld/report_pi0_audit.py'))
        report = importlib.util.module_from_spec(spec)
        spec.loader.exec_module(report)
        checkpoint = tmp_path / 'sft/checkpoints/pi0_libero_seen_lora32/EXP-001/500'
        record = dict(optimizer_updates=500, upstream_loop_index=499,
                      checkpoint_directory=str(checkpoint), normalization_sha256='frozen')
        (tmp_path / 'sft').mkdir()
        record_path = tmp_path / 'sft/update_500.json'
        record_path.write_text(json.dumps(record))
        binding = dict(model='500', checkpoint=str(checkpoint), normalization_sha256='frozen',
                       seed_block=list(range(9000, 9050)), action_horizon=50, action_dim=32)
>       report.validate_model_identity(tmp_path, '500', binding)
E       AttributeError: module 'audit_report' has no attribute 'validate_model_identity'

tests/test_pld_pi0_report.py:22: AttributeError
=========================== short test summary info ============================
FAILED tests/test_pld_pi0_report.py::test_report_binding_rejects_wrong_milestone_or_record
1 failed in 0.05s
