START ['scripts/prepare_multitask_sft.py', 'prepare', '--variant', 'A']
NORMALIZATION_BOUND A b4ea07567b2cc2bbd5670167efa540730ef4e98b3e507ce1610473c948401f44
START ['scripts/prepare_multitask_sft.py', 'prepare', '--variant', 'B']
Traceback (most recent call last):
  File "/root/maniskill_myws/third_party/openpi/.venv/lib/python3.11/site-packages/transformers/utils/import_utils.py", line 2154, in __getattr__
    module = self._get_module(self._class_to_module[name])
             ^^^^^^^^^^^^^^^^^^^^^^^^^^^^^^^^^^^^^^^^^^^^^
  File "/root/maniskill_myws/third_party/openpi/.venv/lib/python3.11/site-packages/transformers/utils/import_utils.py", line 2184, in _get_module
    raise e
  File "/root/maniskill_myws/third_party/openpi/.venv/lib/python3.11/site-packages/transformers/utils/import_utils.py", line 2182, in _get_module
    return importlib.import_module("." + module_name, self.__name__)
           ^^^^^^^^^^^^^^^^^^^^^^^^^^^^^^^^^^^^^^^^^^^^^^^^^^^^^^^^^
  File "/.uv/python_install/cpython-3.11.16-linux-x86_64-gnu/lib/python3.11/importlib/__init__.py", line 126, in import_module
    return _bootstrap._gcd_import(name[level:], package, level)
           ^^^^^^^^^^^^^^^^^^^^^^^^^^^^^^^^^^^^^^^^^^^^^^^^^^^^
  File "<frozen importlib._bootstrap>", line 1204, in _gcd_import
  File "<frozen importlib._bootstrap>", line 1176, in _find_and_load
  File "<frozen importlib._bootstrap>", line 1147, in _find_and_load_unlocked
  File "<frozen importlib._bootstrap>", line 690, in _load_unlocked
  File "<frozen importlib._bootstrap_external>", line 940, in exec_module
  File "<frozen importlib._bootstrap>", line 241, in _call_with_frames_removed
  File "/root/maniskill_myws/third_party/openpi/.venv/lib/python3.11/site-packages/transformers/models/auto/processing_auto.py", line 31, in <module>
    from ...video_processing_utils import BaseVideoProcessor
  File "/root/maniskill_myws/third_party/openpi/.venv/lib/python3.11/site-packages/transformers/video_processing_utils.py", line 29, in <module>
    from .image_processing_utils_fast import BaseImageProcessorFast
  File "/root/maniskill_myws/third_party/openpi/.venv/lib/python3.11/site-packages/transformers/image_processing_utils_fast.py", line 65, in <module>
    from torchvision.transforms.v2 import functional as F
ModuleNotFoundError: No module named 'torchvision.transforms.v2'

The above exception was the direct cause of the following exception:

Traceback (most recent call last):
  File "/root/maniskill_myws/scripts/prepare_multitask_sft.py", line 7, in <module>
    elif a.variant:prepare(a.variant)
                   ^^^^^^^^^^^^^^^^^^
  File "/root/maniskill_myws/src/maniskill_myws/pld/multitask_data.py", line 159, in prepare
    audit=convert(variant);cfg=train_config(variant)
                               ^^^^^^^^^^^^^^^^^^^^^
  File "/root/maniskill_myws/src/maniskill_myws/pld/multitask_data.py", line 26, in train_config
    cfg=make_openpi_config(V4,repo_id=repo_id(variant),workdir=WORK/variant,method='lora32',steps=3001)
        ^^^^^^^^^^^^^^^^^^^^^^^^^^^^^^^^^^^^^^^^^^^^^^^^^^^^^^^^^^^^^^^^^^^^^^^^^^^^^^^^^^^^^^^^^^^^^^^
  File "/root/maniskill_myws/src/maniskill_myws/pld/libero_alignment.py", line 86, in make_openpi_config
    from openpi.training import config as oc
  File "/root/maniskill_myws/third_party/openpi/src/openpi/training/config.py", line 19, in <module>
    import openpi.models.tokenizer as _tokenizer
  File "/root/maniskill_myws/third_party/openpi/src/openpi/models/tokenizer.py", line 8, in <module>
    from transformers import AutoProcessor
  File "/root/maniskill_myws/third_party/openpi/.venv/lib/python3.11/site-packages/transformers/utils/import_utils.py", line 2157, in __getattr__
    raise ModuleNotFoundError(
ModuleNotFoundError: Could not import module 'AutoProcessor'. Are this object's requirements defined correctly?
Traceback (most recent call last):
  File "/root/maniskill_myws/scripts/run_multitask_sft.py", line 44, in <module>
    if __name__=='__main__':main()
                            ^^^^^^
  File "/root/maniskill_myws/scripts/run_multitask_sft.py", line 23, in main
    run(['scripts/prepare_multitask_sft.py','prepare','--variant',variant])
  File "/root/maniskill_myws/scripts/run_multitask_sft.py", line 13, in run
    subprocess.run([sys.executable,'-u',*cmd],cwd=ROOT,check=True)
  File "/.uv/python_install/cpython-3.11.16-linux-x86_64-gnu/lib/python3.11/subprocess.py", line 571, in run
    raise CalledProcessError(retcode, process.args,
subprocess.CalledProcessError: Command '['/root/maniskill_myws/third_party/openpi/.venv/bin/python', '-u', 'scripts/prepare_multitask_sft.py', 'prepare', '--variant', 'B']' returned non-zero exit status 1.
