HEAD is now at 8f1084e Add support for dataset download from huggingface
warning: The `tool.uv.dev-dependencies` field (used in `packages/openpi-client/pyproject.toml`) is deprecated and will be removed in a future release; use `dependency-groups.dev` instead
Resolved 281 packages in 10ms
Downloading torchvision (7.1MiB)
Downloading nvidia-cusparse-cu12 (206.5MiB)
Downloading nvidia-cufft-cu12 (190.9MiB)
Downloading nvidia-cublas-cu12 (374.9MiB)
Downloading nvidia-cusolver-cu12 (150.9MiB)
Downloading torch (783.1MiB)
Downloading nvidia-cuda-nvrtc-cu12 (22.6MiB)
Downloading nvidia-nvjitlink-cu12 (18.8MiB)
Downloading nvidia-curand-cu12 (53.7MiB)
Downloading nvidia-cufile-cu12 (1.1MiB)
Downloading nvidia-cuda-cupti-cu12 (8.5MiB)
Downloading nvidia-cudnn-cu12 (544.5MiB)
Downloading mujoco (4.4MiB)
 Downloaded nvidia-cufile-cu12
 Downloaded mujoco
 Downloaded torchvision
 Downloaded nvidia-cuda-cupti-cu12
 Downloaded nvidia-nvjitlink-cu12
 Downloaded nvidia-cuda-nvrtc-cu12
 Downloaded nvidia-curand-cu12
 Downloaded nvidia-cusolver-cu12
 Downloaded nvidia-cufft-cu12
 Downloaded nvidia-cusparse-cu12
 Downloaded nvidia-cublas-cu12
 Downloaded nvidia-cudnn-cu12
 Downloaded torch
Prepared 15 packages in 21.93s
Uninstalled 38 packages in 1.56s
Installed 15 packages in 4.88s
 - bddl==1.0.1
 - bleach==6.4.0
 - defusedxml==0.7.1
 - easydict==1.13
 - fastjsonschema==2.22.2
 - future==1.0.0
 - gym==0.26.2
 - gym-notices==0.1.0
 - jsonschema==4.26.0
 - jsonschema-specifications==2025.9.1
 - jupyterlab-pygments==0.3.0
 - jupytext==1.19.5
 - mdit-py-plugins==0.6.1
 - mistune==3.3.4
 - mujoco==3.2.7
 + mujoco==2.3.7
 - nbclient==0.11.0
 - nbconvert==7.17.1
 - nbformat==5.11.1
 - nvidia-cublas-cu12==12.8.3.14
 + nvidia-cublas-cu12==12.6.4.1
 - nvidia-cuda-cupti-cu12==12.8.57
 + nvidia-cuda-cupti-cu12==12.6.80
 - nvidia-cuda-nvrtc-cu12==12.8.61
 + nvidia-cuda-nvrtc-cu12==12.6.77
 - nvidia-cuda-runtime-cu12==12.8.57
 + nvidia-cuda-runtime-cu12==12.6.77
 - nvidia-cudnn-cu12==9.7.1.26
 + nvidia-cudnn-cu12==9.5.1.17
 - nvidia-cufft-cu12==11.3.3.41
 + nvidia-cufft-cu12==11.3.0.4
 - nvidia-cufile-cu12==1.13.0.11
 + nvidia-cufile-cu12==1.11.1.6
 - nvidia-curand-cu12==10.3.9.55
 + nvidia-curand-cu12==10.3.7.77
 - nvidia-cusolver-cu12==11.7.2.55
 + nvidia-cusolver-cu12==11.7.1.2
 - nvidia-cusparse-cu12==12.5.7.53
 + nvidia-cusparse-cu12==12.5.4.2
 - nvidia-nvjitlink-cu12==12.8.61
 + nvidia-nvjitlink-cu12==12.6.85
 - nvidia-nvtx-cu12==12.8.55
 + nvidia-nvtx-cu12==12.6.77
 - pandocfilters==1.5.1
 - referencing==0.37.0
 - robosuite==1.4.1
 - rpds-py==2026.6.3
 - tinycss2==1.5.1
 - torch==2.7.1+cu128
 + torch==2.7.1
 - torchvision==0.22.1+cu128
 + torchvision==0.22.1
 - webencodings==0.6.1
Using Python 3.11.16 environment at: third_party/openpi/.venv
Resolved 28 packages in 856ms
Downloading torch (991.2MiB)
Downloading torchvision (8.3MiB)
Downloading nvidia-cuda-cupti-cu12 (9.8MiB)
Downloading nvidia-cufft-cu12 (184.2MiB)
Downloading nvidia-cuda-nvrtc-cu12 (83.9MiB)
Downloading nvidia-cublas-cu12 (581.4MiB)
Downloading nvidia-cusolver-cu12 (248.3MiB)
Downloading nvidia-cufile-cu12 (1.1MiB)
Downloading nvidia-cusparse-cu12 (278.5MiB)
Downloading nvidia-nvjitlink-cu12 (37.4MiB)
Downloading nvidia-curand-cu12 (60.7MiB)
Downloading nvidia-cudnn-cu12 (693.2MiB)
 Downloaded nvidia-cufile-cu12
 Downloaded torchvision
 Downloaded nvidia-cuda-cupti-cu12
 Downloaded nvidia-nvjitlink-cu12
 Downloaded nvidia-cuda-nvrtc-cu12
 Downloaded nvidia-curand-cu12
 Downloaded nvidia-cufft-cu12
 Downloaded nvidia-cusolver-cu12
 Downloaded nvidia-cusparse-cu12
 Downloaded torch
 Downloaded nvidia-cudnn-cu12
 Downloaded nvidia-cublas-cu12
Prepared 14 packages in 29.62s
Uninstalled 14 packages in 618ms
Installed 14 packages in 4.06s
 - nvidia-cublas-cu12==12.6.4.1
 + nvidia-cublas-cu12==12.8.3.14
 - nvidia-cuda-cupti-cu12==12.6.80
 + nvidia-cuda-cupti-cu12==12.8.57
 - nvidia-cuda-nvrtc-cu12==12.6.77
 + nvidia-cuda-nvrtc-cu12==12.8.61
 - nvidia-cuda-runtime-cu12==12.6.77
 + nvidia-cuda-runtime-cu12==12.8.57
 - nvidia-cudnn-cu12==9.5.1.17
 + nvidia-cudnn-cu12==9.7.1.26
 - nvidia-cufft-cu12==11.3.0.4
 + nvidia-cufft-cu12==11.3.3.41
 - nvidia-cufile-cu12==1.11.1.6
 + nvidia-cufile-cu12==1.13.0.11
 - nvidia-curand-cu12==10.3.7.77
 + nvidia-curand-cu12==10.3.9.55
 - nvidia-cusolver-cu12==11.7.1.2
 + nvidia-cusolver-cu12==11.7.2.55
 - nvidia-cusparse-cu12==12.5.4.2
 + nvidia-cusparse-cu12==12.5.7.53
 - nvidia-nvjitlink-cu12==12.6.85
 + nvidia-nvjitlink-cu12==12.8.61
 - nvidia-nvtx-cu12==12.6.77
 + nvidia-nvtx-cu12==12.8.55
 - torch==2.7.1
 + torch==2.7.1+cu128
 - torchvision==0.22.1
 + torchvision==0.22.1+cu128
Using Python 3.11.16 environment at: third_party/openpi/.venv
Resolved 48 packages in 1.50s
   Building bddl==1.0.1
   Building gym==0.26.2
Downloading mujoco (6.1MiB)
Downloading robosuite (184.6MiB)
 Downloaded mujoco
      Built bddl==1.0.1
      Built gym==0.26.2
 Downloaded robosuite
Prepared 15 packages in 2.52s
Uninstalled 1 package in 4ms
Installed 15 packages in 561ms
 + bddl==1.0.1
 + easydict==1.13
 + fastjsonschema==2.22.2
 + future==1.0.0
 + gym==0.26.2
 + gym-notices==0.1.0
 + jsonschema==4.26.0
 + jsonschema-specifications==2025.9.1
 + jupytext==1.19.5
 + mdit-py-plugins==0.6.1
 - mujoco==2.3.7
 + mujoco==3.2.7
 + nbformat==5.11.1
 + referencing==0.37.0
 + robosuite==1.4.1
 + rpds-py==2026.6.3
2.7.1+cu128 12.8 NVIDIA CMP 170HX
2.0
